// Jest Snapshot v1, https://goo.gl/fbAQLP

exports[`Button component functionality should render correctly 1`] = `
<button
  className="button"
  style={
    Object {
      "backgroundColor": "Transparent",
      "border": "none",
      "float": "left",
      "outline": "none",
      "overflow": "hidden",
    }
  }
>
   
  <FontAwesomeIcon
    border={false}
    className=""
    fixedWidth={false}
    flip={null}
    icon={
      Object {
        "icon": Array [
          320,
          512,
          Array [],
          "f054",
          "M285.476 272.971L91.132 467.314c-9.373 9.373-24.569 9.373-33.941 0l-22.667-22.667c-9.357-9.357-9.375-24.522-.04-33.901L188.505 256 34.484 101.255c-9.335-9.379-9.317-24.544.04-33.901l22.667-22.667c9.373-9.373 24.569-9.373 33.941 0L285.475 239.03c9.373 9.372 9.373 24.568.001 33.941z",
        ],
        "iconName": "chevron-right",
        "prefix": "fas",
      }
    }
    inverse={false}
    listItem={false}
    mask={null}
    pull={null}
    pulse={false}
    rotation={null}
    size="2x"
    spin={false}
    symbol={false}
    title=""
    transform={null}
  />
</button>
`;

exports[`Stars component functionality should render correctly 1`] = `
<div
  className="star"
  style={
    Object {
      "display": "inline",
      "whiteSpace": "nowrap",
    }
  }
/>
`;

exports[`Test Carousel component functionality should render correctly 1`] = `
<div
  className="carousel"
  style={
    Object {
      "height": "500px",
      "width": "1500px",
    }
  }
>
  <div
    className="buttonDiv"
    style={
      Object {
        "display": "flex",
        "float": "left",
        "height": "500px",
        "justifyContent": "center",
        "textAlign": "center",
        "width": "100px",
      }
    }
  >
    <div
      style={
        Object {
          "display": "flex",
          "float": "left",
          "height": "500px",
          "justifyContent": "center",
          "textAlign": "center",
          "width": "100px",
        }
      }
    />
  </div>
  <div
    className="houseDisplay"
  />
  <div
    className="buttonDiv"
    style={
      Object {
        "display": "flex",
        "float": "left",
        "height": "500px",
        "justifyContent": "center",
        "textAlign": "center",
        "width": "100px",
      }
    }
  >
    <Button
      buttonClickHandler={[Function]}
      value="left"
    />
  </div>
</div>
`;

exports[`Test House component functionality should render correctly 1`] = `
<div
  className="house"
  onClick={[Function]}
  style={
    Object {
      "float": "left",
      "margin": "20px 20px 20px 20px",
    }
  }
>
  <div
    className="image"
  >
    <img
      src="https://housemania.s3-us-west-1.amazonaws.com/annie-spratt-BmjlyHwV1S0-unsplash.jpg"
      style={
        Object {
          "height": "200px",
          "width": "250px",
        }
      }
    />
  </div>
  <div
    className="layout"
  >
    <h5>
      apartment
      : 
      Saratoga
    </h5>
  </div>
  <div
    className="description"
  >
    <h3>
      quaint house
    </h3>
  </div>
  <div
    className="cost"
  >
    <h5>
      $309/night
    </h5>
  </div>
  <div
    className="stars"
  >
    <h5>
      <Stars
        rating={4}
      />
       
      20
    </h5>
  </div>
</div>
`;

exports[`Test Widget component functionality should render correctly 1`] = `
<div
  id="morePlaces"
>
  <h2>
    More places to stay
  </h2>
</div>
`;
